EDA Result: Total ticks=35373277, Avg Spread=0.000088, Med Spread=0.000080, 5m Ret Autocorr=-0.0240

Hourly Volatility (5m return std dev):
hour
0     0.000227
1     0.000219
2     0.000178
3     0.000156
4     0.000145
5     0.000176
6     0.000263
7     0.000347
8     0.000324
9     0.000287
10    0.000274
11    0.000342
12    0.000391
13    0.000433
14    0.000400
15    0.000400
16    0.000297
17    0.000268
18    0.000263
19    0.000224
20    0.000214
21    0.000263
22    0.000240
23    0.000182
